
  [30;42;1m PASS [39;49;22m[39m Tests\Unit\ExampleTest[39m
  [32;1mΓ£ô[39;22m[90m [39m[90mthat true is true[39m

  [30;42;1m PASS [39;49;22m[39m Tests\Feature\Auth\AuthenticationTest[39m
  [32;1mΓ£ô[39;22m[90m [39m[90mlogin screen can be rendered[39m[90m                                                                                [39m [90m1.02s[39m  
  [32;1mΓ£ô[39;22m[90m [39m[90musers can authenticate using the login screen[39m[90m                                                               [39m [90m0.19s[39m  
  [32;1mΓ£ô[39;22m[90m [39m[90musers can not authenticate with invalid password[39m[90m                                                            [39m [90m0.28s[39m  
  [32;1mΓ£ô[39;22m[90m [39m[90musers can logout[39m[90m                                                                                            [39m [90m0.06s[39m  

  [30;42;1m PASS [39;49;22m[39m Tests\Feature\Auth\EmailVerificationTest[39m
  [32;1mΓ£ô[39;22m[90m [39m[90memail verification screen can be rendered[39m[90m                                                                   [39m [90m0.07s[39m  
  [32;1mΓ£ô[39;22m[90m [39m[90memail can be verified[39m[90m                                                                                       [39m [90m0.07s[39m  
  [32;1mΓ£ô[39;22m[90m [39m[90memail is not verified with invalid hash[39m[90m                                                                     [39m [90m0.08s[39m  

  [30;42;1m PASS [39;49;22m[39m Tests\Feature\Auth\PasswordConfirmationTest[39m
  [32;1mΓ£ô[39;22m[90m [39m[90mconfirm password screen can be rendered[39m[90m                                                                     [39m [90m0.07s[39m  
  [32;1mΓ£ô[39;22m[90m [39m[90mpassword can be confirmed[39m[90m                                                                                   [39m [90m0.06s[39m  
  [32;1mΓ£ô[39;22m[90m [39m[90mpassword is not confirmed with invalid password[39m[90m                                                             [39m [90m0.27s[39m  

  [30;42;1m PASS [39;49;22m[39m Tests\Feature\Auth\PasswordResetTest[39m
  [32;1mΓ£ô[39;22m[90m [39m[90mreset password link screen can be rendered[39m[90m                                                                  [39m [90m0.08s[39m  
  [32;1mΓ£ô[39;22m[90m [39m[90mreset password link can be requested[39m[90m                                                                        [39m [90m0.28s[39m  
  [32;1mΓ£ô[39;22m[90m [39m[90mreset password screen can be rendered[39m[90m                                                                       [39m [90m0.28s[39m  
  [32;1mΓ£ô[39;22m[90m [39m[90mpassword can be reset with valid token[39m[90m                                                                      [39m [90m0.30s[39m  

  [30;42;1m PASS [39;49;22m[39m Tests\Feature\Auth\PasswordUpdateTest[39m
  [32;1mΓ£ô[39;22m[90m [39m[90mpassword can be updated[39m[90m                                                                                     [39m [90m0.09s[39m  
  [32;1mΓ£ô[39;22m[90m [39m[90mcorrect password must be provided to update password[39m[90m                                                        [39m [90m0.06s[39m  

  [30;42;1m PASS [39;49;22m[39m Tests\Feature\Auth\RegistrationTest[39m
  [32;1mΓ£ô[39;22m[90m [39m[90mregistration screen can be rendered[39m[90m                                                                         [39m [90m0.07s[39m  
  [32;1mΓ£ô[39;22m[90m [39m[90mnew users can register[39m[90m                                                                                      [39m [90m0.06s[39m  

  [30;42;1m PASS [39;49;22m[39m Tests\Feature\ExampleTest[39m
  [32;1mΓ£ô[39;22m[90m [39m[90mroot redirects to login[39m[90m                                                                                     [39m [90m0.05s[39m  

  [30;42;1m PASS [39;49;22m[39m Tests\Feature\ProfileTest[39m
  [32;1mΓ£ô[39;22m[90m [39m[90mprofile page is displayed[39m[90m                                                                                   [39m [90m0.10s[39m  
  [32;1mΓ£ô[39;22m[90m [39m[90mprofile information can be updated[39m[90m                                                                          [39m [90m0.06s[39m  
  [32;1mΓ£ô[39;22m[90m [39m[90memail verification status is unchanged when the email address is unchanged[39m[90m                                  [39m [90m0.06s[39m  
  [32;1mΓ£ô[39;22m[90m [39m[90muser can delete their account[39m[90m                                                                               [39m [90m0.05s[39m  
  [32;1mΓ£ô[39;22m[90m [39m[90mcorrect password must be provided to delete account[39m[90m                                                         [39m [90m0.06s[39m  

  [90mTests:[39m    [32;1m25 passed[39;22m[90m (62 assertions)[39m
  [90mDuration:[39m [39m5.16s[39m

